(:myF
	0 1
	myVar <- 0
	myVar++
	myVar += 3
	myVar += 5
	rdi <- myVar
	call :myF2 0
	return
)
